09-06 14:28:03 com_github_MitjaNemec_PlaceFootprints.action_place_footprints 674:Plugin executed on: 'linux'
09-06 14:28:03 com_github_MitjaNemec_PlaceFootprints.action_place_footprints 675:Plugin executed with python version: '3.13.7 (main, Aug 15 2025, 12:34:02) [GCC 15.2.1 20250813]'
09-06 14:28:03 com_github_MitjaNemec_PlaceFootprints.action_place_footprints 676:KiCad build version: 9.0.4
09-06 14:28:03 com_github_MitjaNemec_PlaceFootprints.action_place_footprints 677:Plugin version: 4.0.1
09-06 14:28:03 com_github_MitjaNemec_PlaceFootprints.action_place_footprints 678:Frame repr: <wx._core.Frame object at 0x7ff532971d90>
09-06 14:28:03 com_github_MitjaNemec_PlaceFootprints.place_footprints 121:getting a list of all footprints on board
09-06 14:28:03 com_github_MitjaNemec_PlaceFootprints.place_footprints 156:Footprint K232 on root level
09-06 14:28:03 com_github_MitjaNemec_PlaceFootprints.place_footprints 156:Footprint K231 on root level
09-06 14:28:03 com_github_MitjaNemec_PlaceFootprints.place_footprints 156:Footprint K230 on root level
09-06 14:28:03 com_github_MitjaNemec_PlaceFootprints.place_footprints 156:Footprint K229 on root level
09-06 14:28:03 com_github_MitjaNemec_PlaceFootprints.place_footprints 156:Footprint K228 on root level
09-06 14:28:03 com_github_MitjaNemec_PlaceFootprints.place_footprints 156:Footprint K227 on root level
09-06 14:28:03 com_github_MitjaNemec_PlaceFootprints.place_footprints 156:Footprint K226 on root level
09-06 14:28:03 com_github_MitjaNemec_PlaceFootprints.place_footprints 156:Footprint K225 on root level
09-06 14:28:03 com_github_MitjaNemec_PlaceFootprints.place_footprints 156:Footprint K224 on root level
09-06 14:28:03 com_github_MitjaNemec_PlaceFootprints.place_footprints 156:Footprint K223 on root level
09-06 14:28:03 com_github_MitjaNemec_PlaceFootprints.place_footprints 156:Footprint K222 on root level
09-06 14:28:03 com_github_MitjaNemec_PlaceFootprints.place_footprints 156:Footprint K221 on root level
09-06 14:28:03 com_github_MitjaNemec_PlaceFootprints.place_footprints 156:Footprint K220 on root level
09-06 14:28:03 com_github_MitjaNemec_PlaceFootprints.place_footprints 156:Footprint K219 on root level
09-06 14:28:03 com_github_MitjaNemec_PlaceFootprints.place_footprints 156:Footprint K218 on root level
09-06 14:28:03 com_github_MitjaNemec_PlaceFootprints.place_footprints 156:Footprint K217 on root level
09-06 14:28:03 com_github_MitjaNemec_PlaceFootprints.place_footprints 156:Footprint K216 on root level
09-06 14:28:03 com_github_MitjaNemec_PlaceFootprints.place_footprints 156:Footprint K215 on root level
09-06 14:28:03 com_github_MitjaNemec_PlaceFootprints.place_footprints 156:Footprint K214 on root level
09-06 14:28:03 com_github_MitjaNemec_PlaceFootprints.place_footprints 156:Footprint K213 on root level
09-06 14:28:03 com_github_MitjaNemec_PlaceFootprints.place_footprints 156:Footprint K212 on root level
09-06 14:28:03 com_github_MitjaNemec_PlaceFootprints.place_footprints 156:Footprint K211 on root level
09-06 14:28:03 com_github_MitjaNemec_PlaceFootprints.place_footprints 156:Footprint K210 on root level
09-06 14:28:03 com_github_MitjaNemec_PlaceFootprints.place_footprints 156:Footprint K209 on root level
09-06 14:28:03 com_github_MitjaNemec_PlaceFootprints.place_footprints 156:Footprint K208 on root level
09-06 14:28:03 com_github_MitjaNemec_PlaceFootprints.place_footprints 156:Footprint K207 on root level
09-06 14:28:03 com_github_MitjaNemec_PlaceFootprints.place_footprints 156:Footprint K206 on root level
09-06 14:28:03 com_github_MitjaNemec_PlaceFootprints.place_footprints 156:Footprint K205 on root level
09-06 14:28:03 com_github_MitjaNemec_PlaceFootprints.place_footprints 156:Footprint K204 on root level
09-06 14:28:03 com_github_MitjaNemec_PlaceFootprints.place_footprints 156:Footprint K203 on root level
09-06 14:28:03 com_github_MitjaNemec_PlaceFootprints.place_footprints 156:Footprint K202 on root level
09-06 14:28:03 com_github_MitjaNemec_PlaceFootprints.place_footprints 156:Footprint K201 on root level
09-06 14:28:03 com_github_MitjaNemec_PlaceFootprints.place_footprints 156:Footprint D232 on root level
09-06 14:28:03 com_github_MitjaNemec_PlaceFootprints.place_footprints 156:Footprint D231 on root level
09-06 14:28:03 com_github_MitjaNemec_PlaceFootprints.place_footprints 156:Footprint D230 on root level
09-06 14:28:03 com_github_MitjaNemec_PlaceFootprints.place_footprints 156:Footprint D229 on root level
09-06 14:28:03 com_github_MitjaNemec_PlaceFootprints.place_footprints 156:Footprint D228 on root level
09-06 14:28:03 com_github_MitjaNemec_PlaceFootprints.place_footprints 156:Footprint D227 on root level
09-06 14:28:03 com_github_MitjaNemec_PlaceFootprints.place_footprints 156:Footprint D226 on root level
09-06 14:28:03 com_github_MitjaNemec_PlaceFootprints.place_footprints 156:Footprint D225 on root level
09-06 14:28:03 com_github_MitjaNemec_PlaceFootprints.place_footprints 156:Footprint D224 on root level
09-06 14:28:03 com_github_MitjaNemec_PlaceFootprints.place_footprints 156:Footprint D223 on root level
09-06 14:28:03 com_github_MitjaNemec_PlaceFootprints.place_footprints 156:Footprint D222 on root level
09-06 14:28:03 com_github_MitjaNemec_PlaceFootprints.place_footprints 156:Footprint D221 on root level
09-06 14:28:03 com_github_MitjaNemec_PlaceFootprints.place_footprints 156:Footprint D220 on root level
09-06 14:28:03 com_github_MitjaNemec_PlaceFootprints.place_footprints 156:Footprint D219 on root level
09-06 14:28:03 com_github_MitjaNemec_PlaceFootprints.place_footprints 156:Footprint D218 on root level
09-06 14:28:03 com_github_MitjaNemec_PlaceFootprints.place_footprints 156:Footprint D217 on root level
09-06 14:28:03 com_github_MitjaNemec_PlaceFootprints.place_footprints 156:Footprint D216 on root level
09-06 14:28:03 com_github_MitjaNemec_PlaceFootprints.place_footprints 156:Footprint D215 on root level
09-06 14:28:03 com_github_MitjaNemec_PlaceFootprints.place_footprints 156:Footprint D214 on root level
09-06 14:28:03 com_github_MitjaNemec_PlaceFootprints.place_footprints 156:Footprint D213 on root level
09-06 14:28:03 com_github_MitjaNemec_PlaceFootprints.place_footprints 156:Footprint D212 on root level
09-06 14:28:03 com_github_MitjaNemec_PlaceFootprints.place_footprints 156:Footprint D211 on root level
09-06 14:28:03 com_github_MitjaNemec_PlaceFootprints.place_footprints 156:Footprint D210 on root level
09-06 14:28:03 com_github_MitjaNemec_PlaceFootprints.place_footprints 156:Footprint D209 on root level
09-06 14:28:03 com_github_MitjaNemec_PlaceFootprints.place_footprints 156:Footprint D208 on root level
09-06 14:28:03 com_github_MitjaNemec_PlaceFootprints.place_footprints 156:Footprint D207 on root level
09-06 14:28:03 com_github_MitjaNemec_PlaceFootprints.place_footprints 156:Footprint D206 on root level
09-06 14:28:03 com_github_MitjaNemec_PlaceFootprints.place_footprints 156:Footprint D205 on root level
09-06 14:28:03 com_github_MitjaNemec_PlaceFootprints.place_footprints 156:Footprint D204 on root level
09-06 14:28:03 com_github_MitjaNemec_PlaceFootprints.place_footprints 156:Footprint D203 on root level
09-06 14:28:03 com_github_MitjaNemec_PlaceFootprints.place_footprints 156:Footprint D202 on root level
09-06 14:28:03 com_github_MitjaNemec_PlaceFootprints.place_footprints 156:Footprint D201 on root level
09-06 14:28:03 com_github_MitjaNemec_PlaceFootprints.place_footprints 156:Footprint R92 on root level
09-06 14:28:03 com_github_MitjaNemec_PlaceFootprints.place_footprints 156:Footprint Q24 on root level
09-06 14:28:03 com_github_MitjaNemec_PlaceFootprints.place_footprints 156:Footprint R11 on root level
09-06 14:28:03 com_github_MitjaNemec_PlaceFootprints.place_footprints 156:Footprint R72 on root level
09-06 14:28:03 com_github_MitjaNemec_PlaceFootprints.place_footprints 156:Footprint D47 on root level
09-06 14:28:03 com_github_MitjaNemec_PlaceFootprints.place_footprints 156:Footprint C2 on root level
09-06 14:28:03 com_github_MitjaNemec_PlaceFootprints.place_footprints 156:Footprint C1 on root level
09-06 14:28:03 com_github_MitjaNemec_PlaceFootprints.place_footprints 156:Footprint R41 on root level
09-06 14:28:03 com_github_MitjaNemec_PlaceFootprints.place_footprints 156:Footprint U4 on root level
09-06 14:28:03 com_github_MitjaNemec_PlaceFootprints.place_footprints 156:Footprint R94 on root level
09-06 14:28:03 com_github_MitjaNemec_PlaceFootprints.place_footprints 156:Footprint R75 on root level
09-06 14:28:03 com_github_MitjaNemec_PlaceFootprints.place_footprints 156:Footprint D9 on root level
09-06 14:28:03 com_github_MitjaNemec_PlaceFootprints.place_footprints 156:Footprint D41 on root level
09-06 14:28:03 com_github_MitjaNemec_PlaceFootprints.place_footprints 156:Footprint Q3 on root level
09-06 14:28:03 com_github_MitjaNemec_PlaceFootprints.place_footprints 156:Footprint R17 on root level
09-06 14:28:03 com_github_MitjaNemec_PlaceFootprints.place_footprints 156:Footprint C8 on root level
09-06 14:28:03 com_github_MitjaNemec_PlaceFootprints.place_footprints 156:Footprint Q12 on root level
09-06 14:28:03 com_github_MitjaNemec_PlaceFootprints.place_footprints 156:Footprint R20 on root level
09-06 14:28:03 com_github_MitjaNemec_PlaceFootprints.place_footprints 156:Footprint R9 on root level
09-06 14:28:03 com_github_MitjaNemec_PlaceFootprints.place_footprints 156:Footprint R27 on root level
09-06 14:28:03 com_github_MitjaNemec_PlaceFootprints.place_footprints 156:Footprint R18 on root level
09-06 14:28:03 com_github_MitjaNemec_PlaceFootprints.place_footprints 156:Footprint R91 on root level
09-06 14:28:03 com_github_MitjaNemec_PlaceFootprints.place_footprints 156:Footprint R65 on root level
09-06 14:28:03 com_github_MitjaNemec_PlaceFootprints.place_footprints 156:Footprint R55 on root level
09-06 14:28:03 com_github_MitjaNemec_PlaceFootprints.place_footprints 156:Footprint R29 on root level
09-06 14:28:03 com_github_MitjaNemec_PlaceFootprints.place_footprints 156:Footprint R78 on root level
09-06 14:28:03 com_github_MitjaNemec_PlaceFootprints.place_footprints 156:Footprint D36 on root level
09-06 14:28:03 com_github_MitjaNemec_PlaceFootprints.place_footprints 156:Footprint Q11 on root level
09-06 14:28:03 com_github_MitjaNemec_PlaceFootprints.place_footprints 156:Footprint D66 on root level
09-06 14:28:03 com_github_MitjaNemec_PlaceFootprints.place_footprints 156:Footprint R4 on root level
09-06 14:28:03 com_github_MitjaNemec_PlaceFootprints.place_footprints 156:Footprint Q14 on root level
09-06 14:28:03 com_github_MitjaNemec_PlaceFootprints.place_footprints 156:Footprint D46 on root level
09-06 14:28:03 com_github_MitjaNemec_PlaceFootprints.place_footprints 156:Footprint SW1 on root level
09-06 14:28:03 com_github_MitjaNemec_PlaceFootprints.place_footprints 156:Footprint U3 on root level
09-06 14:28:03 com_github_MitjaNemec_PlaceFootprints.place_footprints 156:Footprint R8 on root level
09-06 14:28:03 com_github_MitjaNemec_PlaceFootprints.place_footprints 156:Footprint R25 on root level
09-06 14:28:03 com_github_MitjaNemec_PlaceFootprints.place_footprints 156:Footprint R40 on root level
09-06 14:28:03 com_github_MitjaNemec_PlaceFootprints.place_footprints 156:Footprint D40 on root level
09-06 14:28:03 com_github_MitjaNemec_PlaceFootprints.place_footprints 156:Footprint R50 on root level
09-06 14:28:03 com_github_MitjaNemec_PlaceFootprints.place_footprints 156:Footprint R62 on root level
09-06 14:28:03 com_github_MitjaNemec_PlaceFootprints.place_footprints 156:Footprint R57 on root level
09-06 14:28:03 com_github_MitjaNemec_PlaceFootprints.place_footprints 156:Footprint Q17 on root level
09-06 14:28:03 com_github_MitjaNemec_PlaceFootprints.place_footprints 156:Footprint R12 on root level
09-06 14:28:03 com_github_MitjaNemec_PlaceFootprints.place_footprints 156:Footprint Q26 on root level
09-06 14:28:03 com_github_MitjaNemec_PlaceFootprints.place_footprints 156:Footprint D67 on root level
09-06 14:28:03 com_github_MitjaNemec_PlaceFootprints.place_footprints 156:Footprint R69 on root level
09-06 14:28:03 com_github_MitjaNemec_PlaceFootprints.place_footprints 156:Footprint R3 on root level
09-06 14:28:03 com_github_MitjaNemec_PlaceFootprints.place_footprints 156:Footprint D43 on root level
09-06 14:28:03 com_github_MitjaNemec_PlaceFootprints.place_footprints 156:Footprint D57 on root level
09-06 14:28:03 com_github_MitjaNemec_PlaceFootprints.place_footprints 156:Footprint Q16 on root level
09-06 14:28:03 com_github_MitjaNemec_PlaceFootprints.place_footprints 156:Footprint R28 on root level
09-06 14:28:03 com_github_MitjaNemec_PlaceFootprints.place_footprints 156:Footprint R7 on root level
09-06 14:28:03 com_github_MitjaNemec_PlaceFootprints.place_footprints 156:Footprint D48 on root level
09-06 14:28:03 com_github_MitjaNemec_PlaceFootprints.place_footprints 156:Footprint R10 on root level
09-06 14:28:03 com_github_MitjaNemec_PlaceFootprints.place_footprints 156:Footprint R81 on root level
09-06 14:28:03 com_github_MitjaNemec_PlaceFootprints.place_footprints 156:Footprint Q9 on root level
09-06 14:28:03 com_github_MitjaNemec_PlaceFootprints.place_footprints 156:Footprint R31 on root level
09-06 14:28:03 com_github_MitjaNemec_PlaceFootprints.place_footprints 156:Footprint R21 on root level
09-06 14:28:03 com_github_MitjaNemec_PlaceFootprints.place_footprints 156:Footprint Q29 on root level
09-06 14:28:03 com_github_MitjaNemec_PlaceFootprints.place_footprints 156:Footprint D42 on root level
09-06 14:28:03 com_github_MitjaNemec_PlaceFootprints.place_footprints 156:Footprint R2 on root level
09-06 14:28:03 com_github_MitjaNemec_PlaceFootprints.place_footprints 156:Footprint D37 on root level
09-06 14:28:03 com_github_MitjaNemec_PlaceFootprints.place_footprints 156:Footprint R88 on root level
09-06 14:28:03 com_github_MitjaNemec_PlaceFootprints.place_footprints 156:Footprint R76 on root level
09-06 14:28:03 com_github_MitjaNemec_PlaceFootprints.place_footprints 156:Footprint R63 on root level
09-06 14:28:03 com_github_MitjaNemec_PlaceFootprints.place_footprints 156:Footprint Q31 on root level
09-06 14:28:03 com_github_MitjaNemec_PlaceFootprints.place_footprints 156:Footprint REF** on root level
09-06 14:28:03 com_github_MitjaNemec_PlaceFootprints.place_footprints 156:Footprint D59 on root level
09-06 14:28:03 com_github_MitjaNemec_PlaceFootprints.place_footprints 156:Footprint Q28 on root level
09-06 14:28:03 com_github_MitjaNemec_PlaceFootprints.place_footprints 156:Footprint Q15 on root level
09-06 14:28:03 com_github_MitjaNemec_PlaceFootprints.place_footprints 156:Footprint D62 on root level
09-06 14:28:03 com_github_MitjaNemec_PlaceFootprints.place_footprints 156:Footprint R70 on root level
09-06 14:28:03 com_github_MitjaNemec_PlaceFootprints.place_footprints 156:Footprint R38 on root level
09-06 14:28:03 com_github_MitjaNemec_PlaceFootprints.place_footprints 156:Footprint R42 on root level
09-06 14:28:03 com_github_MitjaNemec_PlaceFootprints.place_footprints 156:Footprint C5 on root level
09-06 14:28:03 com_github_MitjaNemec_PlaceFootprints.place_footprints 156:Footprint D38 on root level
09-06 14:28:03 com_github_MitjaNemec_PlaceFootprints.place_footprints 156:Footprint Q25 on root level
09-06 14:28:03 com_github_MitjaNemec_PlaceFootprints.place_footprints 156:Footprint R77 on root level
09-06 14:28:03 com_github_MitjaNemec_PlaceFootprints.place_footprints 156:Footprint SW2 on root level
09-06 14:28:03 com_github_MitjaNemec_PlaceFootprints.place_footprints 156:Footprint Q4 on root level
09-06 14:28:03 com_github_MitjaNemec_PlaceFootprints.place_footprints 156:Footprint R30 on root level
09-06 14:28:03 com_github_MitjaNemec_PlaceFootprints.place_footprints 156:Footprint R71 on root level
09-06 14:28:03 com_github_MitjaNemec_PlaceFootprints.place_footprints 156:Footprint R51 on root level
09-06 14:28:03 com_github_MitjaNemec_PlaceFootprints.place_footprints 156:Footprint R22 on root level
09-06 14:28:03 com_github_MitjaNemec_PlaceFootprints.place_footprints 156:Footprint R93 on root level
09-06 14:28:03 com_github_MitjaNemec_PlaceFootprints.place_footprints 156:Footprint R87 on root level
09-06 14:28:03 com_github_MitjaNemec_PlaceFootprints.place_footprints 156:Footprint D39 on root level
09-06 14:28:03 com_github_MitjaNemec_PlaceFootprints.place_footprints 156:Footprint J2 on root level
09-06 14:28:03 com_github_MitjaNemec_PlaceFootprints.place_footprints 156:Footprint R56 on root level
09-06 14:28:03 com_github_MitjaNemec_PlaceFootprints.place_footprints 156:Footprint R54 on root level
09-06 14:28:03 com_github_MitjaNemec_PlaceFootprints.place_footprints 156:Footprint R45 on root level
09-06 14:28:03 com_github_MitjaNemec_PlaceFootprints.place_footprints 156:Footprint R15 on root level
09-06 14:28:03 com_github_MitjaNemec_PlaceFootprints.place_footprints 156:Footprint R1 on root level
09-06 14:28:03 com_github_MitjaNemec_PlaceFootprints.place_footprints 156:Footprint D60 on root level
09-06 14:28:03 com_github_MitjaNemec_PlaceFootprints.place_footprints 156:Footprint R74 on root level
09-06 14:28:03 com_github_MitjaNemec_PlaceFootprints.place_footprints 156:Footprint C11 on root level
09-06 14:28:03 com_github_MitjaNemec_PlaceFootprints.place_footprints 156:Footprint D50 on root level
09-06 14:28:03 com_github_MitjaNemec_PlaceFootprints.place_footprints 156:Footprint C9 on root level
09-06 14:28:03 com_github_MitjaNemec_PlaceFootprints.place_footprints 156:Footprint Q6 on root level
09-06 14:28:03 com_github_MitjaNemec_PlaceFootprints.place_footprints 156:Footprint R47 on root level
09-06 14:28:03 com_github_MitjaNemec_PlaceFootprints.place_footprints 156:Footprint D64 on root level
09-06 14:28:03 com_github_MitjaNemec_PlaceFootprints.place_footprints 156:Footprint U2 on root level
09-06 14:28:03 com_github_MitjaNemec_PlaceFootprints.place_footprints 156:Footprint D58 on root level
09-06 14:28:03 com_github_MitjaNemec_PlaceFootprints.place_footprints 156:Footprint D54 on root level
09-06 14:28:03 com_github_MitjaNemec_PlaceFootprints.place_footprints 156:Footprint D51 on root level
09-06 14:28:03 com_github_MitjaNemec_PlaceFootprints.place_footprints 156:Footprint R48 on root level
09-06 14:28:03 com_github_MitjaNemec_PlaceFootprints.place_footprints 156:Footprint R89 on root level
09-06 14:28:03 com_github_MitjaNemec_PlaceFootprints.place_footprints 156:Footprint R39 on root level
09-06 14:28:03 com_github_MitjaNemec_PlaceFootprints.place_footprints 156:Footprint R59 on root level
09-06 14:28:03 com_github_MitjaNemec_PlaceFootprints.place_footprints 156:Footprint R33 on root level
09-06 14:28:03 com_github_MitjaNemec_PlaceFootprints.place_footprints 156:Footprint D34 on root level
09-06 14:28:03 com_github_MitjaNemec_PlaceFootprints.place_footprints 156:Footprint R43 on root level
09-06 14:28:03 com_github_MitjaNemec_PlaceFootprints.place_footprints 156:Footprint Q8 on root level
09-06 14:28:03 com_github_MitjaNemec_PlaceFootprints.place_footprints 156:Footprint D53 on root level
09-06 14:28:03 com_github_MitjaNemec_PlaceFootprints.place_footprints 156:Footprint D56 on root level
09-06 14:28:03 com_github_MitjaNemec_PlaceFootprints.place_footprints 156:Footprint U1 on root level
09-06 14:28:03 com_github_MitjaNemec_PlaceFootprints.place_footprints 156:Footprint R66 on root level
09-06 14:28:03 com_github_MitjaNemec_PlaceFootprints.place_footprints 156:Footprint R24 on root level
09-06 14:28:03 com_github_MitjaNemec_PlaceFootprints.place_footprints 156:Footprint R73 on root level
09-06 14:28:03 com_github_MitjaNemec_PlaceFootprints.place_footprints 156:Footprint R86 on root level
09-06 14:28:03 com_github_MitjaNemec_PlaceFootprints.place_footprints 156:Footprint R37 on root level
09-06 14:28:03 com_github_MitjaNemec_PlaceFootprints.place_footprints 156:Footprint R13 on root level
09-06 14:28:03 com_github_MitjaNemec_PlaceFootprints.place_footprints 156:Footprint D55 on root level
09-06 14:28:03 com_github_MitjaNemec_PlaceFootprints.place_footprints 156:Footprint Q18 on root level
09-06 14:28:03 com_github_MitjaNemec_PlaceFootprints.place_footprints 156:Footprint R80 on root level
09-06 14:28:03 com_github_MitjaNemec_PlaceFootprints.place_footprints 156:Footprint R84 on root level
09-06 14:28:03 com_github_MitjaNemec_PlaceFootprints.place_footprints 156:Footprint R82 on root level
09-06 14:28:03 com_github_MitjaNemec_PlaceFootprints.place_footprints 156:Footprint R44 on root level
09-06 14:28:03 com_github_MitjaNemec_PlaceFootprints.place_footprints 156:Footprint C10 on root level
09-06 14:28:03 com_github_MitjaNemec_PlaceFootprints.place_footprints 156:Footprint Q10 on root level
09-06 14:28:03 com_github_MitjaNemec_PlaceFootprints.place_footprints 156:Footprint D44 on root level
09-06 14:28:03 com_github_MitjaNemec_PlaceFootprints.place_footprints 156:Footprint R83 on root level
09-06 14:28:03 com_github_MitjaNemec_PlaceFootprints.place_footprints 156:Footprint Q1 on root level
09-06 14:28:03 com_github_MitjaNemec_PlaceFootprints.place_footprints 156:Footprint D52 on root level
09-06 14:28:03 com_github_MitjaNemec_PlaceFootprints.place_footprints 156:Footprint J1 on root level
09-06 14:28:03 com_github_MitjaNemec_PlaceFootprints.place_footprints 156:Footprint R67 on root level
09-06 14:28:03 com_github_MitjaNemec_PlaceFootprints.place_footprints 156:Footprint D65 on root level
09-06 14:28:03 com_github_MitjaNemec_PlaceFootprints.place_footprints 156:Footprint R90 on root level
09-06 14:28:03 com_github_MitjaNemec_PlaceFootprints.place_footprints 156:Footprint R35 on root level
09-06 14:28:03 com_github_MitjaNemec_PlaceFootprints.place_footprints 156:Footprint C3 on root level
09-06 14:28:03 com_github_MitjaNemec_PlaceFootprints.place_footprints 156:Footprint Q2 on root level
09-06 14:28:03 com_github_MitjaNemec_PlaceFootprints.place_footprints 156:Footprint R32 on root level
09-06 14:28:03 com_github_MitjaNemec_PlaceFootprints.place_footprints 156:Footprint Q32 on root level
09-06 14:28:03 com_github_MitjaNemec_PlaceFootprints.place_footprints 156:Footprint D61 on root level
09-06 14:28:03 com_github_MitjaNemec_PlaceFootprints.place_footprints 156:Footprint Q22 on root level
09-06 14:28:03 com_github_MitjaNemec_PlaceFootprints.place_footprints 156:Footprint Q30 on root level
09-06 14:28:03 com_github_MitjaNemec_PlaceFootprints.place_footprints 156:Footprint R19 on root level
09-06 14:28:03 com_github_MitjaNemec_PlaceFootprints.place_footprints 156:Footprint R60 on root level
09-06 14:28:03 com_github_MitjaNemec_PlaceFootprints.place_footprints 156:Footprint Q23 on root level
09-06 14:28:03 com_github_MitjaNemec_PlaceFootprints.place_footprints 156:Footprint R85 on root level
09-06 14:28:03 com_github_MitjaNemec_PlaceFootprints.place_footprints 156:Footprint Q19 on root level
09-06 14:28:03 com_github_MitjaNemec_PlaceFootprints.place_footprints 156:Footprint R61 on root level
09-06 14:28:03 com_github_MitjaNemec_PlaceFootprints.place_footprints 156:Footprint R34 on root level
09-06 14:28:03 com_github_MitjaNemec_PlaceFootprints.place_footprints 156:Footprint R58 on root level
09-06 14:28:03 com_github_MitjaNemec_PlaceFootprints.place_footprints 156:Footprint C6 on root level
09-06 14:28:03 com_github_MitjaNemec_PlaceFootprints.place_footprints 156:Footprint R79 on root level
09-06 14:28:03 com_github_MitjaNemec_PlaceFootprints.place_footprints 156:Footprint R68 on root level
09-06 14:28:03 com_github_MitjaNemec_PlaceFootprints.place_footprints 156:Footprint R52 on root level
09-06 14:28:03 com_github_MitjaNemec_PlaceFootprints.place_footprints 156:Footprint D49 on root level
09-06 14:28:03 com_github_MitjaNemec_PlaceFootprints.place_footprints 156:Footprint R16 on root level
09-06 14:28:03 com_github_MitjaNemec_PlaceFootprints.place_footprints 156:Footprint C4 on root level
09-06 14:28:03 com_github_MitjaNemec_PlaceFootprints.place_footprints 156:Footprint R53 on root level
09-06 14:28:03 com_github_MitjaNemec_PlaceFootprints.place_footprints 156:Footprint R46 on root level
09-06 14:28:03 com_github_MitjaNemec_PlaceFootprints.place_footprints 156:Footprint A1 on root level
09-06 14:28:03 com_github_MitjaNemec_PlaceFootprints.place_footprints 156:Footprint D45 on root level
09-06 14:28:03 com_github_MitjaNemec_PlaceFootprints.place_footprints 156:Footprint C7 on root level
09-06 14:28:03 com_github_MitjaNemec_PlaceFootprints.place_footprints 156:Footprint D63 on root level
09-06 14:28:03 com_github_MitjaNemec_PlaceFootprints.place_footprints 156:Footprint Q13 on root level
09-06 14:28:03 com_github_MitjaNemec_PlaceFootprints.place_footprints 156:Footprint Q20 on root level
09-06 14:28:03 com_github_MitjaNemec_PlaceFootprints.place_footprints 156:Footprint Q5 on root level
09-06 14:28:03 com_github_MitjaNemec_PlaceFootprints.place_footprints 156:Footprint R14 on root level
09-06 14:28:03 com_github_MitjaNemec_PlaceFootprints.place_footprints 156:Footprint R5 on root level
09-06 14:28:03 com_github_MitjaNemec_PlaceFootprints.place_footprints 156:Footprint R6 on root level
09-06 14:28:03 com_github_MitjaNemec_PlaceFootprints.place_footprints 156:Footprint R23 on root level
09-06 14:28:03 com_github_MitjaNemec_PlaceFootprints.place_footprints 156:Footprint R64 on root level
09-06 14:28:03 com_github_MitjaNemec_PlaceFootprints.place_footprints 156:Footprint Q7 on root level
09-06 14:28:03 com_github_MitjaNemec_PlaceFootprints.place_footprints 156:Footprint Q21 on root level
09-06 14:28:03 com_github_MitjaNemec_PlaceFootprints.place_footprints 156:Footprint Q27 on root level
09-06 14:28:03 com_github_MitjaNemec_PlaceFootprints.place_footprints 156:Footprint R49 on root level
09-06 14:28:03 com_github_MitjaNemec_PlaceFootprints.place_footprints 156:Footprint R36 on root level
09-06 14:28:03 com_github_MitjaNemec_PlaceFootprints.place_footprints 156:Footprint D35 on root level
09-06 14:28:03 com_github_MitjaNemec_PlaceFootprints.place_footprints 156:Footprint R26 on root level
09-06 14:28:03 com_github_MitjaNemec_PlaceFootprints.place_footprints 156:Footprint C12 on root level
09-06 14:28:03 com_github_MitjaNemec_PlaceFootprints.action_place_footprints 717:Reference footprint='D201'
09-06 14:28:04 com_github_MitjaNemec_PlaceFootprints.action_place_footprints 858:Reference designator is: D
09-06 14:28:04 com_github_MitjaNemec_PlaceFootprints.action_place_footprints 859:Reference number is: 201
09-06 14:28:04 com_github_MitjaNemec_PlaceFootprints.action_place_footprints 891:Sorted and filtered list:
['D201', 'D202', 'D203', 'D204', 'D205', 'D206', 'D207', 'D208', 'D209', 'D210', 'D211', 'D212', 'D213', 'D214', 'D215', 'D216', 'D217', 'D218', 'D219', 'D220', 'D221', 'D222', 'D223', 'D224', 'D225', 'D226', 'D227', 'D228', 'D229', 'D230', 'D231', 'D232']
09-06 14:28:04 com_github_MitjaNemec_PlaceFootprints.action_place_footprints 376:wx.Colour(239, 240, 241, 255)
09-06 14:28:12 com_github_MitjaNemec_PlaceFootprints.action_place_footprints 507:'25'
09-06 14:28:12 com_github_MitjaNemec_PlaceFootprints.action_place_footprints 566:Preparing config for reference matrix
09-06 14:28:12 com_github_MitjaNemec_PlaceFootprints.action_place_footprints 573:Saving config file
09-06 14:28:12 com_github_MitjaNemec_PlaceFootprints.action_place_footprints 575:Saved the config file
09-06 14:28:12 com_github_MitjaNemec_PlaceFootprints.action_place_footprints 929:Footprints to place:
['D201', 'D202', 'D203', 'D204', 'D205', 'D206', 'D207', 'D208', 'D209', 'D210', 'D211', 'D212', 'D213', 'D214', 'D215', 'D216', 'D217', 'D218', 'D219', 'D220', 'D221', 'D222', 'D223', 'D224', 'D225', 'D226', 'D227', 'D228', 'D229', 'D230', 'D231', 'D232']
09-06 14:28:12 com_github_MitjaNemec_PlaceFootprints.place_footprints 427:Starting placing with matrix layout
09-06 14:28:12 com_github_MitjaNemec_PlaceFootprints.action_place_footprints 1002:Fatal error when executing place footprints
Traceback (most recent call last):
  File "/home/arnd/.local/share/kicad/9.0/3rdparty//plugins/com_github_MitjaNemec_PlaceFootprints/action_place_footprints.py", line 997, in Run
    placer.place_matrix(footprints_to_place, ref_fp_ref, step_x, step_y, nr_columns, step, rotation,
    ~~~~~~~~~~~~~~~~~~~^^^^^^^^^^^^^^^^^^^^^^^^^^^^^^^^^^^^^^^^^^^^^^^^^^^^^^^^^^^^^^^^^^^^^^^^^^^^^
                        copy_text_items)
                        ^^^^^^^^^^^^^^^^
  File "/home/arnd/.local/share/kicad/9.0/3rdparty//plugins/com_github_MitjaNemec_PlaceFootprints/place_footprints.py", line 482, in place_matrix
    fp.fp.SetPosition(pcbnew.VECTOR2I(*new_position))
                      ~~~~~~~~~~~~~~~^^^^^^^^^^^^^^^
  File "/usr/lib/python3.13/site-packages/pcbnew.py", line 4911, in __init__
    _pcbnew.VECTOR2I_swiginit(self, _pcbnew.new_VECTOR2I(*args))
                                    ~~~~~~~~~~~~~~~~~~~~^^^^^^^
OverflowError: in method 'new_VECTOR2I', argument 1 of type 'int'
